------------------------------------------------------------
TimeQuest Timing Analyzer Summary
------------------------------------------------------------

Type  : Slow Model Setup 'clk'
Slack : -7.213
TNS   : -431.545

Type  : Slow Model Setup 'DIV_clk:DIV_CLK_PORTMAP|temp'
Slack : -3.989
TNS   : -81.651

Type  : Slow Model Hold 'clk'
Slack : -2.719
TNS   : -2.719

Type  : Slow Model Hold 'DIV_clk:DIV_CLK_PORTMAP|temp'
Slack : 0.391
TNS   : 0.000

Type  : Slow Model Minimum Pulse Width 'clk'
Slack : -1.380
TNS   : -85.380

Type  : Slow Model Minimum Pulse Width 'DIV_clk:DIV_CLK_PORTMAP|temp'
Slack : -0.500
TNS   : -23.000

Type  : Fast Model Setup 'clk'
Slack : -2.856
TNS   : -150.065

Type  : Fast Model Setup 'DIV_clk:DIV_CLK_PORTMAP|temp'
Slack : -1.228
TNS   : -24.973

Type  : Fast Model Hold 'clk'
Slack : -1.710
TNS   : -1.710

Type  : Fast Model Hold 'DIV_clk:DIV_CLK_PORTMAP|temp'
Slack : 0.215
TNS   : 0.000

Type  : Fast Model Minimum Pulse Width 'clk'
Slack : -1.380
TNS   : -85.380

Type  : Fast Model Minimum Pulse Width 'DIV_clk:DIV_CLK_PORTMAP|temp'
Slack : -0.500
TNS   : -23.000

------------------------------------------------------------
